// Jest Snapshot v1, https://goo.gl/fbAQLP

exports[`Pruebas generales del componente Simple Se realiza comparaci√≥n con snapshot 1`] = `
<div>
  <h1>
    Hello world
  </h1>
  <h4>
    Final de cuatrimestre
  </h4>
  <p />
</div>
`;
